Copyright 1986-2020 Xilinx, Inc. All Rights Reserved.
---------------------------------------------------------------------------------------------------------------------------------------
| Tool Version : Vivado v.2020.2 (lin64) Build 3064766 Wed Nov 18 09:12:47 MST 2020
| Date         : Fri Jan  2 15:27:40 2026
| Host         : dragos-Lenovo-Legion-5-17ARH05H running 64-bit Ubuntu 20.04.6 LTS
| Command      : report_drc -file design_1_wrapper_drc_opted.rpt -pb design_1_wrapper_drc_opted.pb -rpx design_1_wrapper_drc_opted.rpx
| Design       : design_1_wrapper
| Device       : xczu3eg-sbva484-1-e
| Speed File   : -1
| Design State : Synthesized
---------------------------------------------------------------------------------------------------------------------------------------

Report DRC

Table of Contents
-----------------
1. REPORT SUMMARY
2. REPORT DETAILS

1. REPORT SUMMARY
-----------------
            Netlist: netlist
          Floorplan: design_1
      Design limits: <entire design considered>
           Ruledeck: default
             Max violations: <unlimited>
             Violations found: 24
+--------+----------+------------------------+------------+
| Rule   | Severity | Description            | Violations |
+--------+----------+------------------------+------------+
| DPIP-2 | Warning  | Input pipelining       | 8          |
| DPOP-3 | Warning  | PREG Output pipelining | 8          |
| DPOP-4 | Warning  | MREG Output pipelining | 8          |
+--------+----------+------------------------+------------+

2. REPORT DETAILS
-----------------
DPIP-2#1 Warning
Input pipelining  
DSP design_1_i/lane_linear_ip_0/inst/lane_linear_ip_v1_0_S00_AXI_inst/mac_sum_q320 input design_1_i/lane_linear_ip_0/inst/lane_linear_ip_v1_0_S00_AXI_inst/mac_sum_q320/B[17:0] is not pipelined. Pipelining DSP48 input will improve performance.
Related violations: <none>

DPIP-2#2 Warning
Input pipelining  
DSP design_1_i/lane_linear_ip_0/inst/lane_linear_ip_v1_0_S00_AXI_inst/mac_sum_q320__0 input design_1_i/lane_linear_ip_0/inst/lane_linear_ip_v1_0_S00_AXI_inst/mac_sum_q320__0/B[17:0] is not pipelined. Pipelining DSP48 input will improve performance.
Related violations: <none>

DPIP-2#3 Warning
Input pipelining  
DSP design_1_i/lane_linear_ip_0/inst/lane_linear_ip_v1_0_S00_AXI_inst/mac_sum_q324 input design_1_i/lane_linear_ip_0/inst/lane_linear_ip_v1_0_S00_AXI_inst/mac_sum_q324/B[17:0] is not pipelined. Pipelining DSP48 input will improve performance.
Related violations: <none>

DPIP-2#4 Warning
Input pipelining  
DSP design_1_i/lane_linear_ip_0/inst/lane_linear_ip_v1_0_S00_AXI_inst/mac_sum_q324__0 input design_1_i/lane_linear_ip_0/inst/lane_linear_ip_v1_0_S00_AXI_inst/mac_sum_q324__0/B[17:0] is not pipelined. Pipelining DSP48 input will improve performance.
Related violations: <none>

DPIP-2#5 Warning
Input pipelining  
DSP design_1_i/lane_linear_ip_0/inst/lane_linear_ip_v1_0_S00_AXI_inst/mac_sum_q325 input design_1_i/lane_linear_ip_0/inst/lane_linear_ip_v1_0_S00_AXI_inst/mac_sum_q325/B[17:0] is not pipelined. Pipelining DSP48 input will improve performance.
Related violations: <none>

DPIP-2#6 Warning
Input pipelining  
DSP design_1_i/lane_linear_ip_0/inst/lane_linear_ip_v1_0_S00_AXI_inst/mac_sum_q325__0 input design_1_i/lane_linear_ip_0/inst/lane_linear_ip_v1_0_S00_AXI_inst/mac_sum_q325__0/B[17:0] is not pipelined. Pipelining DSP48 input will improve performance.
Related violations: <none>

DPIP-2#7 Warning
Input pipelining  
DSP design_1_i/lane_linear_ip_0/inst/lane_linear_ip_v1_0_S00_AXI_inst/mac_sum_q326 input design_1_i/lane_linear_ip_0/inst/lane_linear_ip_v1_0_S00_AXI_inst/mac_sum_q326/B[17:0] is not pipelined. Pipelining DSP48 input will improve performance.
Related violations: <none>

DPIP-2#8 Warning
Input pipelining  
DSP design_1_i/lane_linear_ip_0/inst/lane_linear_ip_v1_0_S00_AXI_inst/mac_sum_q326__0 input design_1_i/lane_linear_ip_0/inst/lane_linear_ip_v1_0_S00_AXI_inst/mac_sum_q326__0/B[17:0] is not pipelined. Pipelining DSP48 input will improve performance.
Related violations: <none>

DPOP-3#1 Warning
PREG Output pipelining  
DSP design_1_i/lane_linear_ip_0/inst/lane_linear_ip_v1_0_S00_AXI_inst/mac_sum_q320 output design_1_i/lane_linear_ip_0/inst/lane_linear_ip_v1_0_S00_AXI_inst/mac_sum_q320/P[47:0] is not pipelined (PREG=0). Pipelining the DSP48 output will improve performance and often saves power so it is suggested whenever possible to fully pipeline this function.  If this DSP48 function was inferred, it is suggested to describe an additional register stage after this function.  If the DSP48 was instantiated in the design, it is suggested to set the PREG attribute to 1.
Related violations: <none>

DPOP-3#2 Warning
PREG Output pipelining  
DSP design_1_i/lane_linear_ip_0/inst/lane_linear_ip_v1_0_S00_AXI_inst/mac_sum_q320__0 output design_1_i/lane_linear_ip_0/inst/lane_linear_ip_v1_0_S00_AXI_inst/mac_sum_q320__0/P[47:0] is not pipelined (PREG=0). Pipelining the DSP48 output will improve performance and often saves power so it is suggested whenever possible to fully pipeline this function.  If this DSP48 function was inferred, it is suggested to describe an additional register stage after this function.  If the DSP48 was instantiated in the design, it is suggested to set the PREG attribute to 1.
Related violations: <none>

DPOP-3#3 Warning
PREG Output pipelining  
DSP design_1_i/lane_linear_ip_0/inst/lane_linear_ip_v1_0_S00_AXI_inst/mac_sum_q324 output design_1_i/lane_linear_ip_0/inst/lane_linear_ip_v1_0_S00_AXI_inst/mac_sum_q324/P[47:0] is not pipelined (PREG=0). Pipelining the DSP48 output will improve performance and often saves power so it is suggested whenever possible to fully pipeline this function.  If this DSP48 function was inferred, it is suggested to describe an additional register stage after this function.  If the DSP48 was instantiated in the design, it is suggested to set the PREG attribute to 1.
Related violations: <none>

DPOP-3#4 Warning
PREG Output pipelining  
DSP design_1_i/lane_linear_ip_0/inst/lane_linear_ip_v1_0_S00_AXI_inst/mac_sum_q324__0 output design_1_i/lane_linear_ip_0/inst/lane_linear_ip_v1_0_S00_AXI_inst/mac_sum_q324__0/P[47:0] is not pipelined (PREG=0). Pipelining the DSP48 output will improve performance and often saves power so it is suggested whenever possible to fully pipeline this function.  If this DSP48 function was inferred, it is suggested to describe an additional register stage after this function.  If the DSP48 was instantiated in the design, it is suggested to set the PREG attribute to 1.
Related violations: <none>

DPOP-3#5 Warning
PREG Output pipelining  
DSP design_1_i/lane_linear_ip_0/inst/lane_linear_ip_v1_0_S00_AXI_inst/mac_sum_q325 output design_1_i/lane_linear_ip_0/inst/lane_linear_ip_v1_0_S00_AXI_inst/mac_sum_q325/P[47:0] is not pipelined (PREG=0). Pipelining the DSP48 output will improve performance and often saves power so it is suggested whenever possible to fully pipeline this function.  If this DSP48 function was inferred, it is suggested to describe an additional register stage after this function.  If the DSP48 was instantiated in the design, it is suggested to set the PREG attribute to 1.
Related violations: <none>

DPOP-3#6 Warning
PREG Output pipelining  
DSP design_1_i/lane_linear_ip_0/inst/lane_linear_ip_v1_0_S00_AXI_inst/mac_sum_q325__0 output design_1_i/lane_linear_ip_0/inst/lane_linear_ip_v1_0_S00_AXI_inst/mac_sum_q325__0/P[47:0] is not pipelined (PREG=0). Pipelining the DSP48 output will improve performance and often saves power so it is suggested whenever possible to fully pipeline this function.  If this DSP48 function was inferred, it is suggested to describe an additional register stage after this function.  If the DSP48 was instantiated in the design, it is suggested to set the PREG attribute to 1.
Related violations: <none>

DPOP-3#7 Warning
PREG Output pipelining  
DSP design_1_i/lane_linear_ip_0/inst/lane_linear_ip_v1_0_S00_AXI_inst/mac_sum_q326 output design_1_i/lane_linear_ip_0/inst/lane_linear_ip_v1_0_S00_AXI_inst/mac_sum_q326/P[47:0] is not pipelined (PREG=0). Pipelining the DSP48 output will improve performance and often saves power so it is suggested whenever possible to fully pipeline this function.  If this DSP48 function was inferred, it is suggested to describe an additional register stage after this function.  If the DSP48 was instantiated in the design, it is suggested to set the PREG attribute to 1.
Related violations: <none>

DPOP-3#8 Warning
PREG Output pipelining  
DSP design_1_i/lane_linear_ip_0/inst/lane_linear_ip_v1_0_S00_AXI_inst/mac_sum_q326__0 output design_1_i/lane_linear_ip_0/inst/lane_linear_ip_v1_0_S00_AXI_inst/mac_sum_q326__0/P[47:0] is not pipelined (PREG=0). Pipelining the DSP48 output will improve performance and often saves power so it is suggested whenever possible to fully pipeline this function.  If this DSP48 function was inferred, it is suggested to describe an additional register stage after this function.  If the DSP48 was instantiated in the design, it is suggested to set the PREG attribute to 1.
Related violations: <none>

DPOP-4#1 Warning
MREG Output pipelining  
DSP design_1_i/lane_linear_ip_0/inst/lane_linear_ip_v1_0_S00_AXI_inst/mac_sum_q320 multiplier stage design_1_i/lane_linear_ip_0/inst/lane_linear_ip_v1_0_S00_AXI_inst/mac_sum_q320/P[47:0] is not pipelined (MREG=0). Pipelining the multiplier function will improve performance and will save significant power so it is suggested whenever possible to fully pipeline this function.  If this multiplier was inferred, it is suggested to describe an additional register stage after this function.  If there is no registered adder/accumulator following the multiply function, two pipeline stages are suggested to allow both the MREG and PREG registers to be used.  If the DSP48 was instantiated in the design, it is suggested to set both the MREG and PREG attributes to 1 when performing multiply functions.
Related violations: <none>

DPOP-4#2 Warning
MREG Output pipelining  
DSP design_1_i/lane_linear_ip_0/inst/lane_linear_ip_v1_0_S00_AXI_inst/mac_sum_q320__0 multiplier stage design_1_i/lane_linear_ip_0/inst/lane_linear_ip_v1_0_S00_AXI_inst/mac_sum_q320__0/P[47:0] is not pipelined (MREG=0). Pipelining the multiplier function will improve performance and will save significant power so it is suggested whenever possible to fully pipeline this function.  If this multiplier was inferred, it is suggested to describe an additional register stage after this function.  If there is no registered adder/accumulator following the multiply function, two pipeline stages are suggested to allow both the MREG and PREG registers to be used.  If the DSP48 was instantiated in the design, it is suggested to set both the MREG and PREG attributes to 1 when performing multiply functions.
Related violations: <none>

DPOP-4#3 Warning
MREG Output pipelining  
DSP design_1_i/lane_linear_ip_0/inst/lane_linear_ip_v1_0_S00_AXI_inst/mac_sum_q324 multiplier stage design_1_i/lane_linear_ip_0/inst/lane_linear_ip_v1_0_S00_AXI_inst/mac_sum_q324/P[47:0] is not pipelined (MREG=0). Pipelining the multiplier function will improve performance and will save significant power so it is suggested whenever possible to fully pipeline this function.  If this multiplier was inferred, it is suggested to describe an additional register stage after this function.  If there is no registered adder/accumulator following the multiply function, two pipeline stages are suggested to allow both the MREG and PREG registers to be used.  If the DSP48 was instantiated in the design, it is suggested to set both the MREG and PREG attributes to 1 when performing multiply functions.
Related violations: <none>

DPOP-4#4 Warning
MREG Output pipelining  
DSP design_1_i/lane_linear_ip_0/inst/lane_linear_ip_v1_0_S00_AXI_inst/mac_sum_q324__0 multiplier stage design_1_i/lane_linear_ip_0/inst/lane_linear_ip_v1_0_S00_AXI_inst/mac_sum_q324__0/P[47:0] is not pipelined (MREG=0). Pipelining the multiplier function will improve performance and will save significant power so it is suggested whenever possible to fully pipeline this function.  If this multiplier was inferred, it is suggested to describe an additional register stage after this function.  If there is no registered adder/accumulator following the multiply function, two pipeline stages are suggested to allow both the MREG and PREG registers to be used.  If the DSP48 was instantiated in the design, it is suggested to set both the MREG and PREG attributes to 1 when performing multiply functions.
Related violations: <none>

DPOP-4#5 Warning
MREG Output pipelining  
DSP design_1_i/lane_linear_ip_0/inst/lane_linear_ip_v1_0_S00_AXI_inst/mac_sum_q325 multiplier stage design_1_i/lane_linear_ip_0/inst/lane_linear_ip_v1_0_S00_AXI_inst/mac_sum_q325/P[47:0] is not pipelined (MREG=0). Pipelining the multiplier function will improve performance and will save significant power so it is suggested whenever possible to fully pipeline this function.  If this multiplier was inferred, it is suggested to describe an additional register stage after this function.  If there is no registered adder/accumulator following the multiply function, two pipeline stages are suggested to allow both the MREG and PREG registers to be used.  If the DSP48 was instantiated in the design, it is suggested to set both the MREG and PREG attributes to 1 when performing multiply functions.
Related violations: <none>

DPOP-4#6 Warning
MREG Output pipelining  
DSP design_1_i/lane_linear_ip_0/inst/lane_linear_ip_v1_0_S00_AXI_inst/mac_sum_q325__0 multiplier stage design_1_i/lane_linear_ip_0/inst/lane_linear_ip_v1_0_S00_AXI_inst/mac_sum_q325__0/P[47:0] is not pipelined (MREG=0). Pipelining the multiplier function will improve performance and will save significant power so it is suggested whenever possible to fully pipeline this function.  If this multiplier was inferred, it is suggested to describe an additional register stage after this function.  If there is no registered adder/accumulator following the multiply function, two pipeline stages are suggested to allow both the MREG and PREG registers to be used.  If the DSP48 was instantiated in the design, it is suggested to set both the MREG and PREG attributes to 1 when performing multiply functions.
Related violations: <none>

DPOP-4#7 Warning
MREG Output pipelining  
DSP design_1_i/lane_linear_ip_0/inst/lane_linear_ip_v1_0_S00_AXI_inst/mac_sum_q326 multiplier stage design_1_i/lane_linear_ip_0/inst/lane_linear_ip_v1_0_S00_AXI_inst/mac_sum_q326/P[47:0] is not pipelined (MREG=0). Pipelining the multiplier function will improve performance and will save significant power so it is suggested whenever possible to fully pipeline this function.  If this multiplier was inferred, it is suggested to describe an additional register stage after this function.  If there is no registered adder/accumulator following the multiply function, two pipeline stages are suggested to allow both the MREG and PREG registers to be used.  If the DSP48 was instantiated in the design, it is suggested to set both the MREG and PREG attributes to 1 when performing multiply functions.
Related violations: <none>

DPOP-4#8 Warning
MREG Output pipelining  
DSP design_1_i/lane_linear_ip_0/inst/lane_linear_ip_v1_0_S00_AXI_inst/mac_sum_q326__0 multiplier stage design_1_i/lane_linear_ip_0/inst/lane_linear_ip_v1_0_S00_AXI_inst/mac_sum_q326__0/P[47:0] is not pipelined (MREG=0). Pipelining the multiplier function will improve performance and will save significant power so it is suggested whenever possible to fully pipeline this function.  If this multiplier was inferred, it is suggested to describe an additional register stage after this function.  If there is no registered adder/accumulator following the multiply function, two pipeline stages are suggested to allow both the MREG and PREG registers to be used.  If the DSP48 was instantiated in the design, it is suggested to set both the MREG and PREG attributes to 1 when performing multiply functions.
Related violations: <none>


